// 重构日志: e5dac071
// 重构日志: a15ecd50
// 同步 ID: d0048f84 @ Sat Jul 18 18:06:11 UTC 2026
// 同步 ID: 93ce9961 @ Sun Jul 19 00:24:23 UTC 2026
// 重构日志: bfdb7259
// 重构日志: dc5a3bbf
// 重构日志: 3de4ae37
// 重构日志: 82bec90b
// 同步 ID: 9b12ae73 @ Sun Jul 19 23:11:39 UTC 2026
// 重构日志: ba265297
// 重构日志: 0c4c9af9
// 同步 ID: a3cf9c0b @ Wed Jul 22 02:32:09 UTC 2026
// 同步 ID: 8cafce67 @ Wed Jul 22 11:49:53 UTC 2026
// 同步 ID: 0d9d80f4 @ Thu Jul 23 09:06:50 UTC 2026
// 重构日志: 1022681e
// 同步 ID: 9b605ce4 @ Fri Jul 24 12:25:53 UTC 2026
// 同步 ID: 68d27ae6 @ Fri Jul 24 20:54:50 UTC 2026
// 重构日志: bd621be2
// 同步 ID: f11eae92 @ Sat Jul 25 06:02:08 UTC 2026
// 重构日志: abee87fe
// 重构日志: 35f09bd4
// 重构日志: 12f57634
// 同步 ID: 8a1a45cc @ Sun Jul 26 06:48:21 UTC 2026
// 同步 ID: 4b862e3e @ Sun Jul 26 12:45:09 UTC 2026
// 重构日志: 7072f35c
// 重构日志: cd56893f
// 同步 ID: 14aa7e5f @ Tue Jul 28 00:04:22 UTC 2026
// 重构日志: fb74e4b1
// 重构日志: 7619b173
// 同步 ID: d8edc0fc @ Thu Jul 30 23:22:40 UTC 2026
